[2026-04-14 13:44:30] GET REQUEST: []
[2026-04-14 13:46:07] GET REQUEST: {"ID":"1"}
[2026-04-14 13:46:45] GET REQUEST: {"ID":"1"}
[2026-04-14 13:47:07] GET REQUEST: {"ID=1":""}
[2026-04-14 13:47:21] GET REQUEST: {"ID":"1"}
[2026-04-14 13:47:38] GET REQUEST: {"ID":"1"}
[2026-04-14 13:48:04] GET REQUEST: {"ID":"1"}
[2026-04-14 13:49:29] GET REQUEST: {"ID":"1"}
[2026-04-14 13:49:29] GET SUCCESS: {"ID":"1","STR_PROPERTY":"Через SAVE update","INT_PROPERTY":"100"}
[2026-04-14 13:56:02] GET REQUEST: {"ID":"1"}
[2026-04-14 13:56:02] GET SUCCESS: {"ID":"1","STR_PROPERTY":"Через SAVE update","INT_PROPERTY":"100"}
[2026-04-14 13:56:13] GET REQUEST: {"ID=1":""}
[2026-04-14 13:56:23] GET REQUEST: {"ID":"1"}
[2026-04-14 13:56:23] GET SUCCESS: {"ID":"1","STR_PROPERTY":"Через SAVE update","INT_PROPERTY":"100"}
[2026-04-14 13:56:46] GET REQUEST: {"ID":"1"}
[2026-04-14 13:56:46] GET SUCCESS: {"ID":"1","STR_PROPERTY":"Через SAVE update","INT_PROPERTY":"100"}
[2026-04-14 14:00:55] GET REQUEST: {"ID=1":""}
[2026-04-14 14:01:10] GET REQUEST: {"ID":"1"}
[2026-04-14 14:01:10] GET SUCCESS: {"ID":"1","STR_PROPERTY":"Через SAVE update","INT_PROPERTY":"100"}
[2026-04-14 14:02:09] GET REQUEST: {"ID":"1"}
[2026-04-14 14:02:09] GET SUCCESS: {"ID":"1","STR_PROPERTY":"Через SAVE update","INT_PROPERTY":"100"}
[2026-04-14 14:03:12] GET REQUEST: {"ID":"1"}
[2026-04-14 14:03:12] GET SUCCESS: {"ID":"1","STR_PROPERTY":"Через SAVE update","INT_PROPERTY":"100"}
[2026-04-14 14:04:46] LIST REQUEST: []
[2026-04-14 14:04:46] LIST SUCCESS: {"COUNT":4}
[2026-04-14 14:05:54] LIST REQUEST: []
[2026-04-14 14:05:54] LIST SUCCESS: {"COUNT":4}
[2026-04-14 14:05:58] LIST REQUEST: []
[2026-04-14 14:05:58] LIST SUCCESS: {"COUNT":4}
[2026-04-14 14:06:12] LIST REQUEST: []
[2026-04-14 14:06:12] LIST SUCCESS: {"COUNT":4}
[2026-04-14 14:07:14] GET REQUEST: {"IID":"1"}
[2026-04-14 14:07:24] GET REQUEST: {"ID":"1"}
[2026-04-14 14:07:24] GET SUCCESS: {"ID":"1","STR_PROPERTY":"Через SAVE update","INT_PROPERTY":"100"}
[2026-04-14 14:07:39] LIST REQUEST: []
[2026-04-14 14:07:39] LIST SUCCESS: {"COUNT":4}
[2026-04-14 14:08:15] GET REQUEST: {"ID=1":""}
[2026-04-14 14:08:24] GET REQUEST: {"ID":"1"}
[2026-04-14 14:08:24] GET SUCCESS: {"ID":"1","STR_PROPERTY":"Через SAVE update","INT_PROPERTY":"100"}
[2026-04-14 14:10:04] DELETE REQUEST: {"ID":"1"}
[2026-04-14 14:10:04] DELETE SUCCESS: {"ID":1}
[2026-04-14 14:10:37] DELETE REQUEST: {"ID":"2"}
[2026-04-14 14:10:37] DELETE SUCCESS: {"ID":2}
[2026-04-14 14:12:36] DELETE REQUEST: {"ID":"4"}
[2026-04-14 14:12:36] DELETE SUCCESS: {"ID":4}
[2026-04-14 14:59:27] ADD REQUEST: {"STR_PROPERTY":"БраузерТест","INT_PROPERTY":"999"}
[2026-04-14 14:59:27] ADD SUCCESS: {"ID":7}
[2026-04-14 15:06:31] ADD REQUEST: {"STR_PROPERTY":"Тест 2026-04-14 15:06:31","INT_PROPERTY":"182"}
[2026-04-14 15:06:31] ADD SUCCESS: {"ID":8}
[2026-04-14 15:08:36] ADD REQUEST: {"STR_PROPERTY":"Тест 2026-04-14 15:08:36","INT_PROPERTY":"761"}
[2026-04-14 15:08:36] ADD SUCCESS: {"ID":9}
[2026-04-14 15:21:36] ADD REQUEST: {"STR_PROPERTY":"Тест 2026-04-14 15:21:35","INT_PROPERTY":"773"}
[2026-04-14 15:21:36] ADD SUCCESS: {"ID":10}
[2026-04-14 15:23:54] ADD REQUEST: {"STR_PROPERTY":"Тест mytable.add 2026-04-14 15:23:53","INT_PROPERTY":"312"}
[2026-04-14 15:23:54] ADD SUCCESS: {"ID":11}
[2026-04-14 15:24:29] LIST REQUEST: {"ORDER":{"ID":"DESC"},"LIMIT":"1"}
[2026-04-14 15:24:29] LIST SUCCESS: {"COUNT":1}
[2026-04-14 15:37:57] LIST REQUEST: {"ORDER":{"ID":"DESC"},"LIMIT":"1"}
[2026-04-14 15:37:57] LIST SUCCESS: {"COUNT":1}
[2026-04-14 15:41:04] LIST REQUEST: {"ORDER":{"ID":"DESC"},"LIMIT":"1"}
[2026-04-14 15:41:04] LIST SUCCESS: {"COUNT":1}
[2026-04-14 15:42:50] LIST REQUEST: {"ORDER":{"ID":"DESC"},"LIMIT":"1"}
[2026-04-14 15:42:50] LIST SUCCESS: {"COUNT":1}
[2026-04-14 15:42:50] GET REQUEST: {"ID":"11"}
[2026-04-14 15:42:50] GET SUCCESS: {"ID":"11","STR_PROPERTY":"Тест mytable.add 2026-04-14 15:23:53","INT_PROPERTY":"312"}
[2026-04-15 07:55:16] LIST REQUEST: {"ORDER":{"ID":"DESC"},"LIMIT":"1"}
[2026-04-15 07:55:16] LIST SUCCESS: {"COUNT":1}
[2026-04-15 07:55:16] GET REQUEST: {"ID":"11"}
[2026-04-15 07:55:16] GET SUCCESS: {"ID":"11","STR_PROPERTY":"Тест mytable.add 2026-04-14 15:23:53","INT_PROPERTY":"312"}
[2026-04-15 07:55:25] ADD REQUEST: {"STR_PROPERTY":"Тест 2026-04-15 07:55:24","INT_PROPERTY":"245"}
[2026-04-15 07:55:25] ADD SUCCESS: {"ID":12}
[2026-04-15 07:56:00] LIST REQUEST: {"ORDER":{"ID":"DESC"},"LIMIT":"1"}
[2026-04-15 07:56:00] LIST SUCCESS: {"COUNT":1}
[2026-04-15 07:56:01] GET REQUEST: {"ID":"12"}
[2026-04-15 07:56:01] GET SUCCESS: {"ID":"12","STR_PROPERTY":"Тест 2026-04-15 07:55:24","INT_PROPERTY":"245"}
[2026-04-15 07:56:09] LIST REQUEST: []
[2026-04-15 07:56:09] LIST SUCCESS: {"COUNT":7}
[2026-04-15 07:56:20] LIST REQUEST: {"ORDER":{"ID":"DESC"},"LIMIT":"1"}
[2026-04-15 07:56:20] LIST SUCCESS: {"COUNT":1}
[2026-04-15 07:56:21] DELETE REQUEST: {"ID":"12"}
[2026-04-15 07:56:21] DELETE SUCCESS: {"ID":12}
[2026-04-15 08:03:03] ADD REQUEST: {"STR_PROPERTY":"Тест (mytable.add) 2026-04-15 08:03:02","INT_PROPERTY":"179"}
[2026-04-15 08:03:03] ADD SUCCESS: {"ID":1}
[2026-04-15 08:03:41] ADD REQUEST: {"STR_PROPERTY":"Тест (mytable.add) 2026-04-15 08:03:41","INT_PROPERTY":"360"}
[2026-04-15 08:03:41] ADD SUCCESS: {"ID":2}
[2026-04-15 08:03:53] ADD REQUEST: {"STR_PROPERTY":"Тест (mytable.add) 2026-04-15 08:03:53","INT_PROPERTY":"778"}
[2026-04-15 08:03:53] ADD SUCCESS: {"ID":3}
[2026-04-15 08:04:01] LIST REQUEST: []
[2026-04-15 08:04:01] LIST SUCCESS: {"COUNT":3}
[2026-04-15 08:04:16] LIST REQUEST: {"ORDER":{"ID":"DESC"},"LIMIT":"1"}
[2026-04-15 08:04:16] LIST SUCCESS: {"COUNT":1}
[2026-04-15 08:04:16] GET REQUEST: {"ID":"3"}
[2026-04-15 08:04:16] GET SUCCESS: {"ID":"3","STR_PROPERTY":"Тест (mytable.add) 2026-04-15 08:03:53","INT_PROPERTY":"778"}
[2026-04-15 08:04:25] LIST REQUEST: {"ORDER":{"ID":"DESC"},"LIMIT":"1"}
[2026-04-15 08:04:25] LIST SUCCESS: {"COUNT":1}
[2026-04-15 08:04:26] UPDATE REQUEST: {"ID":"3","STR_PROPERTY":"Обновлено (mytable.update) 08:04:25","INT_PROPERTY":"208"}
[2026-04-15 08:04:26] UPDATE SUCCESS: {"ID":3}
[2026-04-15 08:10:05] LIST REQUEST: {"ORDER":{"ID":"DESC"},"LIMIT":"1"}
[2026-04-15 08:10:05] LIST SUCCESS: {"COUNT":1}
[2026-04-15 08:10:06] GET REQUEST: {"ID":"3"}
[2026-04-15 08:10:06] GET SUCCESS: {"ID":"3","STR_PROPERTY":"Обновлено (mytable.update) 08:04:25","INT_PROPERTY":"208"}
[2026-04-15 08:10:06] UPDATE REQUEST: {"ID":"3","STR_PROPERTY":"Обновлено 08:10:06","INT_PROPERTY":"881"}
[2026-04-15 08:10:06] UPDATE SUCCESS: {"ID":3}
[2026-04-15 08:10:07] GET REQUEST: {"ID":"3"}
[2026-04-15 08:10:07] GET SUCCESS: {"ID":"3","STR_PROPERTY":"Обновлено 08:10:06","INT_PROPERTY":"881"}
[2026-04-15 08:15:42] ADD REQUEST: {"STR_PROPERTY":"Тест (mytable.add) 2026-04-15 08:15:41","INT_PROPERTY":"339"}
[2026-04-15 08:15:42] ADD SUCCESS: {"ID":1}
[2026-04-15 08:15:52] ADD REQUEST: {"STR_PROPERTY":"Тест (mytable.add) 2026-04-15 08:15:51","INT_PROPERTY":"354"}
[2026-04-15 08:15:52] ADD SUCCESS: {"ID":2}
[2026-04-15 08:16:00] ADD REQUEST: {"STR_PROPERTY":"Тест (mytable.add) 2026-04-15 08:16:00","INT_PROPERTY":"481"}
[2026-04-15 08:16:00] ADD SUCCESS: {"ID":3}
[2026-04-15 08:16:12] LIST REQUEST: {"ORDER":{"ID":"DESC"},"LIMIT":"1"}
[2026-04-15 08:16:12] LIST SUCCESS: {"COUNT":1}
[2026-04-15 08:16:13] GET REQUEST: {"ID":"3"}
[2026-04-15 08:16:13] GET SUCCESS: {"ID":"3","STR_PROPERTY":"Тест (mytable.add) 2026-04-15 08:16:00","INT_PROPERTY":"481"}
[2026-04-15 08:16:13] UPDATE REQUEST: {"ID":"3","STR_PROPERTY":"Обновлено 08:16:13","INT_PROPERTY":"830"}
[2026-04-15 08:16:13] UPDATE SUCCESS: {"ID":3}
[2026-04-15 08:16:14] GET REQUEST: {"ID":"3"}
[2026-04-15 08:16:14] GET SUCCESS: {"ID":"3","STR_PROPERTY":"Обновлено 08:16:13","INT_PROPERTY":"830"}
[2026-04-15 08:16:37] LIST REQUEST: {"ORDER":{"ID":"DESC"},"LIMIT":"1"}
[2026-04-15 08:16:37] LIST SUCCESS: {"COUNT":1}
[2026-04-15 08:16:38] GET REQUEST: {"ID":"3"}
[2026-04-15 08:16:38] GET SUCCESS: {"ID":"3","STR_PROPERTY":"Обновлено 08:16:13","INT_PROPERTY":"830"}
[2026-04-15 08:16:38] UPDATE REQUEST: {"ID":"3","STR_PROPERTY":"Обновлено 08:16:38","INT_PROPERTY":"934"}
[2026-04-15 08:16:38] UPDATE SUCCESS: {"ID":3}
[2026-04-15 08:16:39] GET REQUEST: {"ID":"3"}
[2026-04-15 08:16:39] GET SUCCESS: {"ID":"3","STR_PROPERTY":"Обновлено 08:16:38","INT_PROPERTY":"934"}
[2026-04-15 08:16:53] LIST REQUEST: {"ORDER":{"ID":"DESC"},"LIMIT":"1"}
[2026-04-15 08:16:53] LIST SUCCESS: {"COUNT":1}
[2026-04-15 08:16:53] GET REQUEST: {"ID":"3"}
[2026-04-15 08:16:53] GET SUCCESS: {"ID":"3","STR_PROPERTY":"Обновлено 08:16:38","INT_PROPERTY":"934"}
[2026-04-15 08:17:12] LIST REQUEST: []
[2026-04-15 08:17:12] LIST SUCCESS: {"COUNT":3}
[2026-04-15 08:17:25] LIST REQUEST: {"SELECT":["ID","STR_PROPERTY","INT_PROPERTY"],"ORDER":{"ID":"ASC"}}
[2026-04-15 08:17:25] LIST SUCCESS: {"COUNT":3}
[2026-04-15 08:17:26] DELETE REQUEST: {"ID":"3"}
[2026-04-15 08:17:26] DELETE SUCCESS: {"ID":3}
[2026-04-15 08:17:26] LIST REQUEST: {"SELECT":["ID","STR_PROPERTY","INT_PROPERTY"],"ORDER":{"ID":"ASC"}}
[2026-04-15 08:17:26] LIST SUCCESS: {"COUNT":2}
